
Memory Configuration

Name             Origin             Length             Attributes
RAM              0x20000000         0x00020000         xrw
FLASH            0x08000000         0x00080000         xr
*default*        0x00000000         0xffffffff

Linker script and memory map

                0x08000000                __ROM_BASE = 0x8000000
                0x00040000                __ROM_SIZE = 0x40000
                0x20000000                __RAM_BASE = 0x20000000
                0x00020000                __RAM_SIZE = 0x20000
                0x00001000                __STACK_SIZE = 0x1000
                0x00001000                __HEAP_SIZE = 0x1000

.text           0x08000000      0xecc
 *(.vectors)
 .vectors       0x08000000      0x198 ./Output/startup_ARMCM4.o
                0x08000000                __Vectors
 *(.text*)
 .text          0x08000198       0x48 ./Output/it.o
                0x08000198                SystemInit
                0x080001a4                NMI_Handler
                0x080001aa                HardFault_Handler
                0x080001b0                MemManage_Handler
                0x080001b6                BusFault_Handler
                0x080001bc                UsageFault_Handler
                0x080001c2                SVC_Handler
                0x080001c8                DebugMon_Handler
                0x080001ce                PendSV_Handler
                0x080001d4                SysTick_Handler
                0x080001da                Reserved_Handler
 .text          0x080001e0      0x18c ./Output/main.o
                0x080001e0                main
                0x08000340                EXTI0_IRQHandler
 .text          0x0800036c      0xb44 ./Output/gpio.o
                0x0800036c                GPIO_ClockControl
                0x08000428                GPIO_Init
                0x08000b48                GPIO_DeInit
                0x08000c40                GPIO_ReadPin
                0x08000c72                GPIO_ReadPort
                0x08000c8c                GPIO_WritePin
                0x08000cda                GPIO_WritePort
                0x08000cf6                GPIO_PinToggle
                0x08000d1e                GPIO_IRQInterruptConfig
                0x08000e14                GPIO_IRQPiorityConfig
                0x08000e74                GPIO_IRQ_ClearPanding
 .text          0x08000eb0        0x0 ./Output/uart.o
 .text          0x08000eb0       0x1c ./Output/startup_ARMCM4.o
                0x08000eb0                Reset_Handler
                0x08000ebe                _start
 *(.init)
 *(.fini)
 *crtbegin.o(.ctors)
 *crtbegin?.o(.ctors)
 *(EXCLUDE_FILE(*crtend.o *crtend?.o) .ctors)
 *(SORT_BY_NAME(.ctors.*))
 *(.ctors)
 *crtbegin.o(.dtors)
 *crtbegin?.o(.dtors)
 *(EXCLUDE_FILE(*crtend.o *crtend?.o) .dtors)
 *(SORT_BY_NAME(.dtors.*))
 *(.dtors)
 *(.rodata*)
 *(.eh_frame*)

.glue_7         0x08000ecc        0x0
 .glue_7        0x08000ecc        0x0 linker stubs

.glue_7t        0x08000ecc        0x0
 .glue_7t       0x08000ecc        0x0 linker stubs

.vfp11_veneer   0x08000ecc        0x0
 .vfp11_veneer  0x08000ecc        0x0 linker stubs

.v4_bx          0x08000ecc        0x0
 .v4_bx         0x08000ecc        0x0 linker stubs

.iplt           0x08000ecc        0x0
 .iplt          0x08000ecc        0x0 ./Output/main.o

.rel.dyn        0x08000ecc        0x0
 .rel.iplt      0x08000ecc        0x0 ./Output/main.o

.ARM.extab
 *(.ARM.extab* .gnu.linkonce.armextab.*)
                0x08000ecc                __exidx_start = .

.ARM.exidx
 *(.ARM.exidx* .gnu.linkonce.armexidx.*)
                0x08000ecc                __exidx_end = .

.copy.table     0x08000ecc        0xc
                0x08000ecc                . = ALIGN (0x4)
                0x08000ecc                __copy_table_start__ = .
                0x08000ecc        0x4 LONG 0x8000ed8 __etext
                0x08000ed0        0x4 LONG 0x20000000 __data_start__
                0x08000ed4        0x4 LONG 0x0 ((__data_end__ - __data_start__) / 0x4)
                0x08000ed8                __copy_table_end__ = .

.zero.table     0x08000ed8        0x0
                0x08000ed8                . = ALIGN (0x4)
                0x08000ed8                __zero_table_start__ = .
                0x08000ed8                __zero_table_end__ = .
                0x08000ed8                __etext = ALIGN (0x4)

.data           0x20000000        0x0 load address 0x08000ed8
                0x20000000                __data_start__ = .
 *(vtable)
 *(.data)
 .data          0x20000000        0x0 ./Output/it.o
 .data          0x20000000        0x0 ./Output/main.o
 .data          0x20000000        0x0 ./Output/gpio.o
 .data          0x20000000        0x0 ./Output/uart.o
 .data          0x20000000        0x0 ./Output/startup_ARMCM4.o
 *(.data.*)
                0x20000000                . = ALIGN (0x4)
                [!provide]                PROVIDE (__preinit_array_start = .)
 *(.preinit_array)
                [!provide]                PROVIDE (__preinit_array_end = .)
                0x20000000                . = ALIGN (0x4)
                [!provide]                PROVIDE (__init_array_start = .)
 *(SORT_BY_NAME(.init_array.*))
 *(.init_array)
                [!provide]                PROVIDE (__init_array_end = .)
                0x20000000                . = ALIGN (0x4)
                [!provide]                PROVIDE (__fini_array_start = .)
 *(SORT_BY_NAME(.fini_array.*))
 *(.fini_array)
                [!provide]                PROVIDE (__fini_array_end = .)
 *(.jcr*)
                0x20000000                . = ALIGN (0x4)
                0x20000000                __data_end__ = .

.igot.plt       0x20000000        0x0 load address 0x08000ed8
 .igot.plt      0x20000000        0x0 ./Output/main.o

.bss            0x20000000       0x58
                0x20000000                . = ALIGN (0x4)
                0x20000000                __bss_start__ = .
 *(.bss)
 .bss           0x20000000        0x0 ./Output/it.o
 .bss           0x20000000       0x58 ./Output/main.o
                0x20000000                a
                0x20000004                button1
                0x20000010                led
                0x2000001c                led1
                0x20000028                led2
                0x20000034                led3
                0x20000040                led5
                0x2000004c                led4
 .bss           0x20000058        0x0 ./Output/gpio.o
 .bss           0x20000058        0x0 ./Output/uart.o
 .bss           0x20000058        0x0 ./Output/startup_ARMCM4.o
 *(.bss.*)
 *(COMMON)
                0x20000058                . = ALIGN (0x4)
                0x20000058                __bss_end__ = .

.heap           0x20000058     0x2000
                0x20000058                . = ALIGN (0x8)
                0x20000058                __end__ = .
                [!provide]                PROVIDE (end = .)
                0x20001058                . = (. + __HEAP_SIZE)
 *fill*         0x20000058     0x1000 
                0x20001058                . = ALIGN (0x8)
                0x20001058                __HeapLimit = .
 .heap          0x20001058     0x1000 ./Output/startup_ARMCM4.o
                0x20001058                __HeapBase

.stack          0x2001f000     0x2000
                0x2001f000                . = ALIGN (0x8)
                0x2001f000                __StackLimit = .
                0x20020000                . = (. + __STACK_SIZE)
 *fill*         0x2001f000     0x1000 
                0x20020000                . = ALIGN (0x8)
                0x20020000                __StackTop = .
 .stack         0x20020000     0x1000 ./Output/startup_ARMCM4.o
                [!provide]                PROVIDE (__stack = __StackTop)
                0x00000001                ASSERT ((__StackLimit >= __HeapLimit), region RAM overflowed with stack)
LOAD ./Output/it.o
LOAD ./Output/main.o
LOAD ./Output/gpio.o
LOAD ./Output/uart.o
LOAD ./Output/startup_ARMCM4.o
OUTPUT(./Output/uart_driver.elf elf32-littlearm)
LOAD linker stubs

.debug_info     0x00000000      0xc9c
 .debug_info    0x00000000      0x132 ./Output/it.o
 .debug_info    0x00000132      0x2be ./Output/main.o
 .debug_info    0x000003f0      0x848 ./Output/gpio.o
 .debug_info    0x00000c38       0x64 ./Output/uart.o

.debug_abbrev   0x00000000      0x35e
 .debug_abbrev  0x00000000       0x44 ./Output/it.o
 .debug_abbrev  0x00000044      0x140 ./Output/main.o
 .debug_abbrev  0x00000184      0x1b4 ./Output/gpio.o
 .debug_abbrev  0x00000338       0x26 ./Output/uart.o

.debug_aranges  0x00000000       0x78
 .debug_aranges
                0x00000000       0x20 ./Output/it.o
 .debug_aranges
                0x00000020       0x20 ./Output/main.o
 .debug_aranges
                0x00000040       0x20 ./Output/gpio.o
 .debug_aranges
                0x00000060       0x18 ./Output/uart.o

.debug_line     0x00000000      0x99a
 .debug_line    0x00000000       0xa8 ./Output/it.o
 .debug_line    0x000000a8      0x1d1 ./Output/main.o
 .debug_line    0x00000279      0x704 ./Output/gpio.o
 .debug_line    0x0000097d       0x1d ./Output/uart.o

.debug_str      0x00000000      0x53c
 .debug_str     0x00000000      0x19b ./Output/it.o
                                0x1cf (size before relaxing)
 .debug_str     0x0000019b      0x113 ./Output/main.o
                                0x237 (size before relaxing)
 .debug_str     0x000002ae      0x27a ./Output/gpio.o
                                0x473 (size before relaxing)
 .debug_str     0x00000528       0x14 ./Output/uart.o
                                0x127 (size before relaxing)

.comment        0x00000000       0x49
 .comment       0x00000000       0x49 ./Output/it.o
                                 0x4a (size before relaxing)
 .comment       0x00000049       0x4a ./Output/main.o
 .comment       0x00000049       0x4a ./Output/gpio.o
 .comment       0x00000049       0x4a ./Output/uart.o

.ARM.attributes
                0x00000000       0x2c
 .ARM.attributes
                0x00000000       0x2e ./Output/it.o
 .ARM.attributes
                0x0000002e       0x2e ./Output/main.o
 .ARM.attributes
                0x0000005c       0x2e ./Output/gpio.o
 .ARM.attributes
                0x0000008a       0x2e ./Output/uart.o
 .ARM.attributes
                0x000000b8       0x1c ./Output/startup_ARMCM4.o

.debug_frame    0x00000000      0x350
 .debug_frame   0x00000000      0x120 ./Output/it.o
 .debug_frame   0x00000120       0x68 ./Output/main.o
 .debug_frame   0x00000188      0x1c8 ./Output/gpio.o
