
Memory Configuration

Name             Origin             Length             Attributes
RAM              0x20000000         0x00020000         xrw
FLASH            0x08000000         0x00080000         xr
*default*        0x00000000         0xffffffff

Linker script and memory map

                0x08000000                __ROM_BASE = 0x8000000
                0x00040000                __ROM_SIZE = 0x40000
                0x20000000                __RAM_BASE = 0x20000000
                0x00020000                __RAM_SIZE = 0x20000
                0x00001000                __STACK_SIZE = 0x1000
                0x00001000                __HEAP_SIZE = 0x1000

.text           0x08000000     0x1dc8
 *(.vectors)
 .vectors       0x08000000      0x198 ./Output/startup_ARMCM4.o
                0x08000000                __Vectors
 *(.text*)
 .text          0x08000198       0x48 ./Output/it.o
                0x08000198                SystemInit
                0x080001a4                NMI_Handler
                0x080001aa                HardFault_Handler
                0x080001b0                MemManage_Handler
                0x080001b6                BusFault_Handler
                0x080001bc                UsageFault_Handler
                0x080001c2                SVC_Handler
                0x080001c8                DebugMon_Handler
                0x080001ce                PendSV_Handler
                0x080001d4                SysTick_Handler
                0x080001da                Reserved_Handler
 .text          0x080001e0      0x19c ./Output/main.o
                0x080001e0                main
                0x08000340                memset
 .text          0x0800037c      0xb74 ./Output/gpio.o
                0x0800037c                GPIO_ClockControl
                0x08000438                GPIO_Init
                0x08000b88                GPIO_DeInit
                0x08000c80                GPIO_ReadPin
                0x08000cb2                GPIO_ReadPort
                0x08000ccc                GPIO_WritePin
                0x08000d1a                GPIO_WritePort
                0x08000d36                GPIO_PinToggle
                0x08000d5e                GPIO_IRQInterruptConfig
                0x08000e54                GPIO_IRQPiorityConfig
                0x08000eb4                GPIO_IRQ_ClearPending
 .text          0x08000ef0      0x768 ./Output/spi.o
                0x08000ef0                SPI_PeriClockControl
                0x08000f90                SPI_Init
                0x08001294                SPI_DeInit
                0x080012a6                SPI_Enable
                0x080012c8                SPI_Disable
                0x080012ea                SPI_SendData
                0x0800137c                SPI_RecieveData
                0x08001412                SPI_Recieve_OneByte
                0x08001480                SPI_IRQInterrupt_Config
                0x08001554                SPI_IRQPiority_Config
                0x080015b4                SPI_TxCpCallBack
                0x080015c6                SPI_RxCpCallBack
                0x080015d8                SPI_ErrorCallBack
                0x080015ea                SPI_IRQ_Handler
 .text          0x08001658      0x754 ./Output/rfid.o
                0x08001658                Write_MFRC522
                0x080016b4                Read_MFRC522
                0x08001718                SetBitMask
                0x0800174e                ClearBitMask
                0x0800178e                AntennaOn
                0x0800179e                AntennaOff
                0x080017ae                MFRC522_Reset
                0x080017be                MFRC522_Init
                0x080017fe                MFRC522_Request
                0x08001848                MFRC522_ToCard
                0x080019da                MFRC522_Anticoll
                0x08001a54                MFRC522_Read
                0x08001aac                MFRC522_Write
                0x08001b82                CalulateCRC
                0x08001c14                MFRC522_Auth
                0x08001cda                MFRC522_SelectTag
                0x08001d5e                MFRC522_Halt
                0x08001d9c                MFRC522_StopCrypto1
 .text          0x08001dac       0x1c ./Output/startup_ARMCM4.o
                0x08001dac                Reset_Handler
                0x08001dba                _start
 *(.init)
 *(.fini)
 *crtbegin.o(.ctors)
 *crtbegin?.o(.ctors)
 *(EXCLUDE_FILE(*crtend.o *crtend?.o) .ctors)
 *(SORT_BY_NAME(.ctors.*))
 *(.ctors)
 *crtbegin.o(.dtors)
 *crtbegin?.o(.dtors)
 *(EXCLUDE_FILE(*crtend.o *crtend?.o) .dtors)
 *(SORT_BY_NAME(.dtors.*))
 *(.dtors)
 *(.rodata*)
 *(.eh_frame*)

.glue_7         0x08001dc8        0x0
 .glue_7        0x08001dc8        0x0 linker stubs

.glue_7t        0x08001dc8        0x0
 .glue_7t       0x08001dc8        0x0 linker stubs

.vfp11_veneer   0x08001dc8        0x0
 .vfp11_veneer  0x08001dc8        0x0 linker stubs

.v4_bx          0x08001dc8        0x0
 .v4_bx         0x08001dc8        0x0 linker stubs

.iplt           0x08001dc8        0x0
 .iplt          0x08001dc8        0x0 ./Output/main.o

.rel.dyn        0x08001dc8        0x0
 .rel.iplt      0x08001dc8        0x0 ./Output/main.o

.ARM.extab
 *(.ARM.extab* .gnu.linkonce.armextab.*)
                0x08001dc8                __exidx_start = .

.ARM.exidx
 *(.ARM.exidx* .gnu.linkonce.armexidx.*)
                0x08001dc8                __exidx_end = .

.copy.table     0x08001dc8        0xc
                0x08001dc8                . = ALIGN (0x4)
                0x08001dc8                __copy_table_start__ = .
                0x08001dc8        0x4 LONG 0x8001dd4 __etext
                0x08001dcc        0x4 LONG 0x20000000 __data_start__
                0x08001dd0        0x4 LONG 0x0 ((__data_end__ - __data_start__) / 0x4)
                0x08001dd4                __copy_table_end__ = .

.zero.table     0x08001dd4        0x0
                0x08001dd4                . = ALIGN (0x4)
                0x08001dd4                __zero_table_start__ = .
                0x08001dd4                __zero_table_end__ = .
                0x08001dd4                __etext = ALIGN (0x4)

.data           0x20000000        0x0 load address 0x08001dd4
                0x20000000                __data_start__ = .
 *(vtable)
 *(.data)
 .data          0x20000000        0x0 ./Output/it.o
 .data          0x20000000        0x0 ./Output/main.o
 .data          0x20000000        0x0 ./Output/gpio.o
 .data          0x20000000        0x0 ./Output/spi.o
 .data          0x20000000        0x0 ./Output/rfid.o
 .data          0x20000000        0x0 ./Output/startup_ARMCM4.o
 *(.data.*)
                0x20000000                . = ALIGN (0x4)
                [!provide]                PROVIDE (__preinit_array_start = .)
 *(.preinit_array)
                [!provide]                PROVIDE (__preinit_array_end = .)
                0x20000000                . = ALIGN (0x4)
                [!provide]                PROVIDE (__init_array_start = .)
 *(SORT_BY_NAME(.init_array.*))
 *(.init_array)
                [!provide]                PROVIDE (__init_array_end = .)
                0x20000000                . = ALIGN (0x4)
                [!provide]                PROVIDE (__fini_array_start = .)
 *(SORT_BY_NAME(.fini_array.*))
 *(.fini_array)
                [!provide]                PROVIDE (__fini_array_end = .)
 *(.jcr*)
                0x20000000                . = ALIGN (0x4)
                0x20000000                __data_end__ = .

.igot.plt       0x20000000        0x0 load address 0x08001dd4
 .igot.plt      0x20000000        0x0 ./Output/main.o

.bss            0x20000000       0x50
                0x20000000                . = ALIGN (0x4)
                0x20000000                __bss_start__ = .
 *(.bss)
 .bss           0x20000000        0x0 ./Output/it.o
 .bss           0x20000000       0x50 ./Output/main.o
                0x20000000                spi1
                0x20000010                MOSI1
                0x2000001c                MISO1
                0x20000028                SCK1
                0x20000034                NSS1
                0x20000040                cardCode
 .bss           0x20000050        0x0 ./Output/gpio.o
 .bss           0x20000050        0x0 ./Output/spi.o
 .bss           0x20000050        0x0 ./Output/rfid.o
 .bss           0x20000050        0x0 ./Output/startup_ARMCM4.o
 *(.bss.*)
 *(COMMON)
                0x20000050                . = ALIGN (0x4)
                0x20000050                __bss_end__ = .

.heap           0x20000050     0x2000
                0x20000050                . = ALIGN (0x8)
                0x20000050                __end__ = .
                [!provide]                PROVIDE (end = .)
                0x20001050                . = (. + __HEAP_SIZE)
 *fill*         0x20000050     0x1000 
                0x20001050                . = ALIGN (0x8)
                0x20001050                __HeapLimit = .
 .heap          0x20001050     0x1000 ./Output/startup_ARMCM4.o
                0x20001050                __HeapBase

.stack          0x2001f000     0x2000
                0x2001f000                . = ALIGN (0x8)
                0x2001f000                __StackLimit = .
                0x20020000                . = (. + __STACK_SIZE)
 *fill*         0x2001f000     0x1000 
                0x20020000                . = ALIGN (0x8)
                0x20020000                __StackTop = .
 .stack         0x20020000     0x1000 ./Output/startup_ARMCM4.o
                [!provide]                PROVIDE (__stack = __StackTop)
                0x00000001                ASSERT ((__StackLimit >= __HeapLimit), region RAM overflowed with stack)
LOAD ./Output/it.o
LOAD ./Output/main.o
LOAD ./Output/gpio.o
LOAD ./Output/spi.o
LOAD ./Output/rfid.o
LOAD ./Output/startup_ARMCM4.o
OUTPUT(./Output/Spi_rfid.elf elf32-littlearm)
LOAD linker stubs

.debug_info     0x00000000     0x1efb
 .debug_info    0x00000000      0x132 ./Output/it.o
 .debug_info    0x00000132      0x4a2 ./Output/main.o
 .debug_info    0x000005d4      0x84f ./Output/gpio.o
 .debug_info    0x00000e23      0x82c ./Output/spi.o
 .debug_info    0x0000164f      0x8ac ./Output/rfid.o

.debug_abbrev   0x00000000      0x72e
 .debug_abbrev  0x00000000       0x44 ./Output/it.o
 .debug_abbrev  0x00000044      0x163 ./Output/main.o
 .debug_abbrev  0x000001a7      0x1b4 ./Output/gpio.o
 .debug_abbrev  0x0000035b      0x1bb ./Output/spi.o
 .debug_abbrev  0x00000516      0x218 ./Output/rfid.o

.debug_aranges  0x00000000       0xa0
 .debug_aranges
                0x00000000       0x20 ./Output/it.o
 .debug_aranges
                0x00000020       0x20 ./Output/main.o
 .debug_aranges
                0x00000040       0x20 ./Output/gpio.o
 .debug_aranges
                0x00000060       0x20 ./Output/spi.o
 .debug_aranges
                0x00000080       0x20 ./Output/rfid.o

.debug_line     0x00000000     0x160d
 .debug_line    0x00000000       0xa8 ./Output/it.o
 .debug_line    0x000000a8      0x2dd ./Output/main.o
 .debug_line    0x00000385      0x735 ./Output/gpio.o
 .debug_line    0x00000aba      0x63a ./Output/spi.o
 .debug_line    0x000010f4      0x519 ./Output/rfid.o

.debug_str      0x00000000      0x939
 .debug_str     0x00000000      0x19f ./Output/it.o
                                0x1d3 (size before relaxing)
 .debug_str     0x0000019f      0x202 ./Output/main.o
                                0x337 (size before relaxing)
 .debug_str     0x000003a1      0x279 ./Output/gpio.o
                                0x47c (size before relaxing)
 .debug_str     0x0000061a      0x11c ./Output/spi.o
                                0x4aa (size before relaxing)
 .debug_str     0x00000736      0x203 ./Output/rfid.o
                                0x466 (size before relaxing)

.comment        0x00000000       0x49
 .comment       0x00000000       0x49 ./Output/it.o
                                 0x4a (size before relaxing)
 .comment       0x00000049       0x4a ./Output/main.o
 .comment       0x00000049       0x4a ./Output/gpio.o
 .comment       0x00000049       0x4a ./Output/spi.o
 .comment       0x00000049       0x4a ./Output/rfid.o

.ARM.attributes
                0x00000000       0x2c
 .ARM.attributes
                0x00000000       0x2e ./Output/it.o
 .ARM.attributes
                0x0000002e       0x2e ./Output/main.o
 .ARM.attributes
                0x0000005c       0x2e ./Output/gpio.o
 .ARM.attributes
                0x0000008a       0x2e ./Output/spi.o
 .ARM.attributes
                0x000000b8       0x2e ./Output/rfid.o
 .ARM.attributes
                0x000000e6       0x1c ./Output/startup_ARMCM4.o

.debug_frame    0x00000000      0x830
 .debug_frame   0x00000000      0x120 ./Output/it.o
 .debug_frame   0x00000120       0x8c ./Output/main.o
 .debug_frame   0x000001ac      0x1c8 ./Output/gpio.o
 .debug_frame   0x00000374      0x23c ./Output/spi.o
 .debug_frame   0x000005b0      0x280 ./Output/rfid.o
